apply-config.sh: applying config '/tmp/expe3/100/process/selected-meta-configs/fold.1.0098.model/strategy-configs/fold.1.univ.0006' to cases '/home/moreaue/dump/expe3//results/100/meta/test/apply-strategy-configs/only-cases.tmp.R4tRDbFA'; results written to '/home/moreaue/dump/expe3//results/100/meta/test/apply-strategy-configs/fold.1.univ.0006'
apply-config.sh: done.
