apply-config.sh: applying config '/tmp/expe3/100/process/selected-meta-configs/fold.1.0098.model/strategy-configs/fold.1.GI.0008' to cases '/home/moreaue/dump/expe3//results/100/meta/test/apply-strategy-configs/only-cases.tmp.L1MIpVmN'; results written to '/home/moreaue/dump/expe3//results/100/meta/test/apply-strategy-configs/fold.1.GI.0008'
apply-config.sh: done.
