apply-config.sh: applying config '/tmp/700/process/selected-meta-configs/fold.1.strategy-as-meta.univ.0001.model/strategy-configs/fold.1.univ.0001' to cases '/home/moreaue/dump/expe1//results/700/univ/test/apply-strategy-configs/only-cases.tmp.fZEAOURN'; results written to '/home/moreaue/dump/expe1//results/700/univ/test/apply-strategy-configs/fold.1.univ.0001'
apply-config.sh: done.
