apply-config.sh: applying config '/tmp/100/process/selected-meta-configs/fold.1.strategy-as-meta.GI.0010' to cases '/home/moreaue/dump/expe1//results/100/GI/test/only-cases.tmp.1mTmtWbG'; results written to '/home/moreaue/dump/expe1//results/100/GI/test/fold.1.strategy-as-meta.GI.0010'
apply-config.sh: done.
