apply-config.sh: applying config '/tmp/700/process/selected-meta-configs/fold.1.strategy-as-meta.GI.0008' to cases '/home/moreaue/dump/expe1//results/700/GI/test/only-cases.tmp.BIXQ76GU'; results written to '/home/moreaue/dump/expe1//results/700/GI/test/fold.1.strategy-as-meta.GI.0008'
apply-config.sh: done.
