apply-multi-configs.sh: calling self to apply strategy configs/models '/home/moreaue/dump/expe3//results/900/GI/test/indiv-strategies.prefix-list' first.
apply-multi-configs.sh: applying configs/models '/home/moreaue/dump/expe3//results/900/GI/test/indiv-strategies.prefix-list' to '/home/moreaue/dump/expe3//900/test.tsv'; writing results to '/home/moreaue/dump/expe3//results/900/GI/test/apply-strategy-configs'.
apply-multi-configs.sh: applying configs/models '/home/moreaue/dump/expe3//results/900/GI/test/indiv-strategies.prefix-list' to '/home/moreaue/dump/expe3//900/test.tsv'; writing results to '/home/moreaue/dump/expe3//results/900/GI/test/apply-strategy-configs'. 2022-02-21 14:34: 0/1 done

apply-multi-configs.sh: applying configs/models '/home/moreaue/dump/expe3//results/900/GI/test/indiv-strategies.prefix-list' to '/home/moreaue/dump/expe3//900/test.tsv'; writing results to '/home/moreaue/dump/expe3//results/900/GI/test/apply-strategy-configs'. 2022-02-21 14:34: 0/1 done

apply-multi-configs.sh: applying configs/models '/home/moreaue/dump/expe3//results/900/GI/test/indiv-strategies.prefix-list' to '/home/moreaue/dump/expe3//900/test.tsv'; writing results to '/home/moreaue/dump/expe3//results/900/GI/test/apply-strategy-configs'. 2022-02-21 14:35: 0/1 done

apply-multi-configs.sh: applying configs/models '/home/moreaue/dump/expe3//results/900/GI/test/indiv-strategies.prefix-list' to '/home/moreaue/dump/expe3//900/test.tsv'; writing results to '/home/moreaue/dump/expe3//results/900/GI/test/apply-strategy-configs'. 2022-02-21 14:35: 0/1 done

apply-multi-configs.sh: applying configs/models '/home/moreaue/dump/expe3//results/900/GI/test/indiv-strategies.prefix-list' to '/home/moreaue/dump/expe3//900/test.tsv'; writing results to '/home/moreaue/dump/expe3//results/900/GI/test/apply-strategy-configs'. 2022-02-21 14:35: 0/1 done

apply-multi-configs.sh: applying configs/models '/home/moreaue/dump/expe3//results/900/GI/test/indiv-strategies.prefix-list' to '/home/moreaue/dump/expe3//900/test.tsv'; writing results to '/home/moreaue/dump/expe3//results/900/GI/test/apply-strategy-configs'. 2022-02-21 14:36: 0/1 done

apply-multi-configs.sh: applying configs/models '/home/moreaue/dump/expe3//results/900/GI/test/indiv-strategies.prefix-list' to '/home/moreaue/dump/expe3//900/test.tsv'; writing results to '/home/moreaue/dump/expe3//results/900/GI/test/apply-strategy-configs'. 2022-02-21 14:36: 0/1 done

apply-multi-configs.sh: done.
apply-multi-configs.sh: applying configs/models '/home/moreaue/dump/expe3//results/900/GI/test/meta-config.prefix-list' to '/home/moreaue/dump/expe3//900/test.tsv'; writing results to '/home/moreaue/dump/expe3//results/900/GI/test'.
apply-multi-configs.sh: applying configs/models '/home/moreaue/dump/expe3//results/900/GI/test/meta-config.prefix-list' to '/home/moreaue/dump/expe3//900/test.tsv'; writing results to '/home/moreaue/dump/expe3//results/900/GI/test'. 2022-02-21 14:36: 0/1 done

apply-multi-configs.sh: applying configs/models '/home/moreaue/dump/expe3//results/900/GI/test/meta-config.prefix-list' to '/home/moreaue/dump/expe3//900/test.tsv'; writing results to '/home/moreaue/dump/expe3//results/900/GI/test'. 2022-02-21 14:37: 0/1 done

apply-multi-configs.sh: applying configs/models '/home/moreaue/dump/expe3//results/900/GI/test/meta-config.prefix-list' to '/home/moreaue/dump/expe3//900/test.tsv'; writing results to '/home/moreaue/dump/expe3//results/900/GI/test'. 2022-02-21 14:37: 0/1 done

apply-multi-configs.sh: applying configs/models '/home/moreaue/dump/expe3//results/900/GI/test/meta-config.prefix-list' to '/home/moreaue/dump/expe3//900/test.tsv'; writing results to '/home/moreaue/dump/expe3//results/900/GI/test'. 2022-02-21 14:37: 0/1 done

apply-multi-configs.sh: applying configs/models '/home/moreaue/dump/expe3//results/900/GI/test/meta-config.prefix-list' to '/home/moreaue/dump/expe3//900/test.tsv'; writing results to '/home/moreaue/dump/expe3//results/900/GI/test'. 2022-02-21 14:38: 0/1 done

apply-multi-configs.sh: applying configs/models '/home/moreaue/dump/expe3//results/900/GI/test/meta-config.prefix-list' to '/home/moreaue/dump/expe3//900/test.tsv'; writing results to '/home/moreaue/dump/expe3//results/900/GI/test'. 2022-02-21 14:38: 0/1 done

apply-multi-configs.sh: applying configs/models '/home/moreaue/dump/expe3//results/900/GI/test/meta-config.prefix-list' to '/home/moreaue/dump/expe3//900/test.tsv'; writing results to '/home/moreaue/dump/expe3//results/900/GI/test'. 2022-02-21 14:38: 0/1 done

apply-multi-configs.sh: applying configs/models '/home/moreaue/dump/expe3//results/900/GI/test/meta-config.prefix-list' to '/home/moreaue/dump/expe3//900/test.tsv'; writing results to '/home/moreaue/dump/expe3//results/900/GI/test'. 2022-02-21 14:39: 0/1 done

apply-multi-configs.sh: applying configs/models '/home/moreaue/dump/expe3//results/900/GI/test/meta-config.prefix-list' to '/home/moreaue/dump/expe3//900/test.tsv'; writing results to '/home/moreaue/dump/expe3//results/900/GI/test'. 2022-02-21 14:39: 0/1 done

apply-multi-configs.sh: applying configs/models '/home/moreaue/dump/expe3//results/900/GI/test/meta-config.prefix-list' to '/home/moreaue/dump/expe3//900/test.tsv'; writing results to '/home/moreaue/dump/expe3//results/900/GI/test'. 2022-02-21 14:39: 0/1 done

apply-multi-configs.sh: done.
test-meta-model.sh: done.
