apply-multi-configs.sh: calling self to apply strategy configs/models '/home/moreaue/dump/expe2//results/5/basic/test/indiv-strategies.prefix-list' first.
apply-multi-configs.sh: applying configs/models '/home/moreaue/dump/expe2//results/5/basic/test/indiv-strategies.prefix-list' to '/home/moreaue/dump/expe2//5/test.tsv'; writing results to '/home/moreaue/dump/expe2//results/5/basic/test/apply-strategy-configs'.
apply-multi-configs.sh: applying configs/models '/home/moreaue/dump/expe2//results/5/basic/test/indiv-strategies.prefix-list' to '/home/moreaue/dump/expe2//5/test.tsv'; writing results to '/home/moreaue/dump/expe2//results/5/basic/test/apply-strategy-configs'. 2022-02-18 16:30: 0/1 done

apply-multi-configs.sh: applying configs/models '/home/moreaue/dump/expe2//results/5/basic/test/indiv-strategies.prefix-list' to '/home/moreaue/dump/expe2//5/test.tsv'; writing results to '/home/moreaue/dump/expe2//results/5/basic/test/apply-strategy-configs'. 2022-02-18 16:31: 0/1 done

apply-multi-configs.sh: applying configs/models '/home/moreaue/dump/expe2//results/5/basic/test/indiv-strategies.prefix-list' to '/home/moreaue/dump/expe2//5/test.tsv'; writing results to '/home/moreaue/dump/expe2//results/5/basic/test/apply-strategy-configs'. 2022-02-18 16:31: 0/1 done

apply-multi-configs.sh: applying configs/models '/home/moreaue/dump/expe2//results/5/basic/test/indiv-strategies.prefix-list' to '/home/moreaue/dump/expe2//5/test.tsv'; writing results to '/home/moreaue/dump/expe2//results/5/basic/test/apply-strategy-configs'. 2022-02-18 16:31: 0/1 done

apply-multi-configs.sh: applying configs/models '/home/moreaue/dump/expe2//results/5/basic/test/indiv-strategies.prefix-list' to '/home/moreaue/dump/expe2//5/test.tsv'; writing results to '/home/moreaue/dump/expe2//results/5/basic/test/apply-strategy-configs'. 2022-02-18 16:32: 0/1 done

apply-multi-configs.sh: applying configs/models '/home/moreaue/dump/expe2//results/5/basic/test/indiv-strategies.prefix-list' to '/home/moreaue/dump/expe2//5/test.tsv'; writing results to '/home/moreaue/dump/expe2//results/5/basic/test/apply-strategy-configs'. 2022-02-18 16:32: 0/1 done

apply-multi-configs.sh: applying configs/models '/home/moreaue/dump/expe2//results/5/basic/test/indiv-strategies.prefix-list' to '/home/moreaue/dump/expe2//5/test.tsv'; writing results to '/home/moreaue/dump/expe2//results/5/basic/test/apply-strategy-configs'. 2022-02-18 16:32: 0/1 done

apply-multi-configs.sh: applying configs/models '/home/moreaue/dump/expe2//results/5/basic/test/indiv-strategies.prefix-list' to '/home/moreaue/dump/expe2//5/test.tsv'; writing results to '/home/moreaue/dump/expe2//results/5/basic/test/apply-strategy-configs'. 2022-02-18 16:33: 0/1 done

apply-multi-configs.sh: applying configs/models '/home/moreaue/dump/expe2//results/5/basic/test/indiv-strategies.prefix-list' to '/home/moreaue/dump/expe2//5/test.tsv'; writing results to '/home/moreaue/dump/expe2//results/5/basic/test/apply-strategy-configs'. 2022-02-18 16:33: 0/1 done

apply-multi-configs.sh: applying configs/models '/home/moreaue/dump/expe2//results/5/basic/test/indiv-strategies.prefix-list' to '/home/moreaue/dump/expe2//5/test.tsv'; writing results to '/home/moreaue/dump/expe2//results/5/basic/test/apply-strategy-configs'. 2022-02-18 16:33: 0/1 done

apply-multi-configs.sh: applying configs/models '/home/moreaue/dump/expe2//results/5/basic/test/indiv-strategies.prefix-list' to '/home/moreaue/dump/expe2//5/test.tsv'; writing results to '/home/moreaue/dump/expe2//results/5/basic/test/apply-strategy-configs'. 2022-02-18 16:34: 0/1 done

apply-multi-configs.sh: applying configs/models '/home/moreaue/dump/expe2//results/5/basic/test/indiv-strategies.prefix-list' to '/home/moreaue/dump/expe2//5/test.tsv'; writing results to '/home/moreaue/dump/expe2//results/5/basic/test/apply-strategy-configs'. 2022-02-18 16:34: 0/1 done

apply-multi-configs.sh: applying configs/models '/home/moreaue/dump/expe2//results/5/basic/test/indiv-strategies.prefix-list' to '/home/moreaue/dump/expe2//5/test.tsv'; writing results to '/home/moreaue/dump/expe2//results/5/basic/test/apply-strategy-configs'. 2022-02-18 16:34: 0/1 done

apply-multi-configs.sh: applying configs/models '/home/moreaue/dump/expe2//results/5/basic/test/indiv-strategies.prefix-list' to '/home/moreaue/dump/expe2//5/test.tsv'; writing results to '/home/moreaue/dump/expe2//results/5/basic/test/apply-strategy-configs'. 2022-02-18 16:35: 0/1 done

apply-multi-configs.sh: applying configs/models '/home/moreaue/dump/expe2//results/5/basic/test/indiv-strategies.prefix-list' to '/home/moreaue/dump/expe2//5/test.tsv'; writing results to '/home/moreaue/dump/expe2//results/5/basic/test/apply-strategy-configs'. 2022-02-18 16:35: 0/1 done

apply-multi-configs.sh: applying configs/models '/home/moreaue/dump/expe2//results/5/basic/test/indiv-strategies.prefix-list' to '/home/moreaue/dump/expe2//5/test.tsv'; writing results to '/home/moreaue/dump/expe2//results/5/basic/test/apply-strategy-configs'. 2022-02-18 16:35: 0/1 done

apply-multi-configs.sh: applying configs/models '/home/moreaue/dump/expe2//results/5/basic/test/indiv-strategies.prefix-list' to '/home/moreaue/dump/expe2//5/test.tsv'; writing results to '/home/moreaue/dump/expe2//results/5/basic/test/apply-strategy-configs'. 2022-02-18 16:36: 0/1 done

apply-multi-configs.sh: applying configs/models '/home/moreaue/dump/expe2//results/5/basic/test/indiv-strategies.prefix-list' to '/home/moreaue/dump/expe2//5/test.tsv'; writing results to '/home/moreaue/dump/expe2//results/5/basic/test/apply-strategy-configs'. 2022-02-18 16:36: 0/1 done

apply-multi-configs.sh: applying configs/models '/home/moreaue/dump/expe2//results/5/basic/test/indiv-strategies.prefix-list' to '/home/moreaue/dump/expe2//5/test.tsv'; writing results to '/home/moreaue/dump/expe2//results/5/basic/test/apply-strategy-configs'. 2022-02-18 16:36: 0/1 done

apply-multi-configs.sh: applying configs/models '/home/moreaue/dump/expe2//results/5/basic/test/indiv-strategies.prefix-list' to '/home/moreaue/dump/expe2//5/test.tsv'; writing results to '/home/moreaue/dump/expe2//results/5/basic/test/apply-strategy-configs'. 2022-02-18 16:37: 0/1 done

apply-multi-configs.sh: applying configs/models '/home/moreaue/dump/expe2//results/5/basic/test/indiv-strategies.prefix-list' to '/home/moreaue/dump/expe2//5/test.tsv'; writing results to '/home/moreaue/dump/expe2//results/5/basic/test/apply-strategy-configs'. 2022-02-18 16:37: 0/1 done

apply-multi-configs.sh: applying configs/models '/home/moreaue/dump/expe2//results/5/basic/test/indiv-strategies.prefix-list' to '/home/moreaue/dump/expe2//5/test.tsv'; writing results to '/home/moreaue/dump/expe2//results/5/basic/test/apply-strategy-configs'. 2022-02-18 16:37: 0/1 done

apply-multi-configs.sh: applying configs/models '/home/moreaue/dump/expe2//results/5/basic/test/indiv-strategies.prefix-list' to '/home/moreaue/dump/expe2//5/test.tsv'; writing results to '/home/moreaue/dump/expe2//results/5/basic/test/apply-strategy-configs'. 2022-02-18 16:38: 0/1 done

apply-multi-configs.sh: applying configs/models '/home/moreaue/dump/expe2//results/5/basic/test/indiv-strategies.prefix-list' to '/home/moreaue/dump/expe2//5/test.tsv'; writing results to '/home/moreaue/dump/expe2//results/5/basic/test/apply-strategy-configs'. 2022-02-18 16:38: 0/1 done

apply-multi-configs.sh: applying configs/models '/home/moreaue/dump/expe2//results/5/basic/test/indiv-strategies.prefix-list' to '/home/moreaue/dump/expe2//5/test.tsv'; writing results to '/home/moreaue/dump/expe2//results/5/basic/test/apply-strategy-configs'. 2022-02-18 16:38: 0/1 done

apply-multi-configs.sh: applying configs/models '/home/moreaue/dump/expe2//results/5/basic/test/indiv-strategies.prefix-list' to '/home/moreaue/dump/expe2//5/test.tsv'; writing results to '/home/moreaue/dump/expe2//results/5/basic/test/apply-strategy-configs'. 2022-02-18 16:39: 0/1 done

apply-multi-configs.sh: applying configs/models '/home/moreaue/dump/expe2//results/5/basic/test/indiv-strategies.prefix-list' to '/home/moreaue/dump/expe2//5/test.tsv'; writing results to '/home/moreaue/dump/expe2//results/5/basic/test/apply-strategy-configs'. 2022-02-18 16:39: 0/1 done

apply-multi-configs.sh: applying configs/models '/home/moreaue/dump/expe2//results/5/basic/test/indiv-strategies.prefix-list' to '/home/moreaue/dump/expe2//5/test.tsv'; writing results to '/home/moreaue/dump/expe2//results/5/basic/test/apply-strategy-configs'. 2022-02-18 16:39: 0/1 done

apply-multi-configs.sh: applying configs/models '/home/moreaue/dump/expe2//results/5/basic/test/indiv-strategies.prefix-list' to '/home/moreaue/dump/expe2//5/test.tsv'; writing results to '/home/moreaue/dump/expe2//results/5/basic/test/apply-strategy-configs'. 2022-02-18 16:40: 0/1 done

apply-multi-configs.sh: applying configs/models '/home/moreaue/dump/expe2//results/5/basic/test/indiv-strategies.prefix-list' to '/home/moreaue/dump/expe2//5/test.tsv'; writing results to '/home/moreaue/dump/expe2//results/5/basic/test/apply-strategy-configs'. 2022-02-18 16:40: 0/1 done

apply-multi-configs.sh: applying configs/models '/home/moreaue/dump/expe2//results/5/basic/test/indiv-strategies.prefix-list' to '/home/moreaue/dump/expe2//5/test.tsv'; writing results to '/home/moreaue/dump/expe2//results/5/basic/test/apply-strategy-configs'. 2022-02-18 16:40: 0/1 done

apply-multi-configs.sh: applying configs/models '/home/moreaue/dump/expe2//results/5/basic/test/indiv-strategies.prefix-list' to '/home/moreaue/dump/expe2//5/test.tsv'; writing results to '/home/moreaue/dump/expe2//results/5/basic/test/apply-strategy-configs'. 2022-02-18 16:41: 0/1 done

apply-multi-configs.sh: applying configs/models '/home/moreaue/dump/expe2//results/5/basic/test/indiv-strategies.prefix-list' to '/home/moreaue/dump/expe2//5/test.tsv'; writing results to '/home/moreaue/dump/expe2//results/5/basic/test/apply-strategy-configs'. 2022-02-18 16:41: 0/1 done

apply-multi-configs.sh: applying configs/models '/home/moreaue/dump/expe2//results/5/basic/test/indiv-strategies.prefix-list' to '/home/moreaue/dump/expe2//5/test.tsv'; writing results to '/home/moreaue/dump/expe2//results/5/basic/test/apply-strategy-configs'. 2022-02-18 16:41: 0/1 done

apply-multi-configs.sh: applying configs/models '/home/moreaue/dump/expe2//results/5/basic/test/indiv-strategies.prefix-list' to '/home/moreaue/dump/expe2//5/test.tsv'; writing results to '/home/moreaue/dump/expe2//results/5/basic/test/apply-strategy-configs'. 2022-02-18 16:42: 0/1 done

apply-multi-configs.sh: applying configs/models '/home/moreaue/dump/expe2//results/5/basic/test/indiv-strategies.prefix-list' to '/home/moreaue/dump/expe2//5/test.tsv'; writing results to '/home/moreaue/dump/expe2//results/5/basic/test/apply-strategy-configs'. 2022-02-18 16:42: 0/1 done

apply-multi-configs.sh: applying configs/models '/home/moreaue/dump/expe2//results/5/basic/test/indiv-strategies.prefix-list' to '/home/moreaue/dump/expe2//5/test.tsv'; writing results to '/home/moreaue/dump/expe2//results/5/basic/test/apply-strategy-configs'. 2022-02-18 16:42: 0/1 done

apply-multi-configs.sh: applying configs/models '/home/moreaue/dump/expe2//results/5/basic/test/indiv-strategies.prefix-list' to '/home/moreaue/dump/expe2//5/test.tsv'; writing results to '/home/moreaue/dump/expe2//results/5/basic/test/apply-strategy-configs'. 2022-02-18 16:43: 0/1 done

apply-multi-configs.sh: applying configs/models '/home/moreaue/dump/expe2//results/5/basic/test/indiv-strategies.prefix-list' to '/home/moreaue/dump/expe2//5/test.tsv'; writing results to '/home/moreaue/dump/expe2//results/5/basic/test/apply-strategy-configs'. 2022-02-18 16:43: 0/1 done

apply-multi-configs.sh: applying configs/models '/home/moreaue/dump/expe2//results/5/basic/test/indiv-strategies.prefix-list' to '/home/moreaue/dump/expe2//5/test.tsv'; writing results to '/home/moreaue/dump/expe2//results/5/basic/test/apply-strategy-configs'. 2022-02-18 16:43: 0/1 done

apply-multi-configs.sh: applying configs/models '/home/moreaue/dump/expe2//results/5/basic/test/indiv-strategies.prefix-list' to '/home/moreaue/dump/expe2//5/test.tsv'; writing results to '/home/moreaue/dump/expe2//results/5/basic/test/apply-strategy-configs'. 2022-02-18 16:44: 0/1 done

apply-multi-configs.sh: applying configs/models '/home/moreaue/dump/expe2//results/5/basic/test/indiv-strategies.prefix-list' to '/home/moreaue/dump/expe2//5/test.tsv'; writing results to '/home/moreaue/dump/expe2//results/5/basic/test/apply-strategy-configs'. 2022-02-18 16:44: 0/1 done

apply-multi-configs.sh: applying configs/models '/home/moreaue/dump/expe2//results/5/basic/test/indiv-strategies.prefix-list' to '/home/moreaue/dump/expe2//5/test.tsv'; writing results to '/home/moreaue/dump/expe2//results/5/basic/test/apply-strategy-configs'. 2022-02-18 16:44: 0/1 done

apply-multi-configs.sh: applying configs/models '/home/moreaue/dump/expe2//results/5/basic/test/indiv-strategies.prefix-list' to '/home/moreaue/dump/expe2//5/test.tsv'; writing results to '/home/moreaue/dump/expe2//results/5/basic/test/apply-strategy-configs'. 2022-02-18 16:45: 0/1 done

apply-multi-configs.sh: applying configs/models '/home/moreaue/dump/expe2//results/5/basic/test/indiv-strategies.prefix-list' to '/home/moreaue/dump/expe2//5/test.tsv'; writing results to '/home/moreaue/dump/expe2//results/5/basic/test/apply-strategy-configs'. 2022-02-18 16:45: 0/1 done

apply-multi-configs.sh: applying configs/models '/home/moreaue/dump/expe2//results/5/basic/test/indiv-strategies.prefix-list' to '/home/moreaue/dump/expe2//5/test.tsv'; writing results to '/home/moreaue/dump/expe2//results/5/basic/test/apply-strategy-configs'. 2022-02-18 16:45: 0/1 done

apply-multi-configs.sh: applying configs/models '/home/moreaue/dump/expe2//results/5/basic/test/indiv-strategies.prefix-list' to '/home/moreaue/dump/expe2//5/test.tsv'; writing results to '/home/moreaue/dump/expe2//results/5/basic/test/apply-strategy-configs'. 2022-02-18 16:46: 0/1 done

apply-multi-configs.sh: applying configs/models '/home/moreaue/dump/expe2//results/5/basic/test/indiv-strategies.prefix-list' to '/home/moreaue/dump/expe2//5/test.tsv'; writing results to '/home/moreaue/dump/expe2//results/5/basic/test/apply-strategy-configs'. 2022-02-18 16:46: 0/1 done

apply-multi-configs.sh: applying configs/models '/home/moreaue/dump/expe2//results/5/basic/test/indiv-strategies.prefix-list' to '/home/moreaue/dump/expe2//5/test.tsv'; writing results to '/home/moreaue/dump/expe2//results/5/basic/test/apply-strategy-configs'. 2022-02-18 16:46: 0/1 done

apply-multi-configs.sh: applying configs/models '/home/moreaue/dump/expe2//results/5/basic/test/indiv-strategies.prefix-list' to '/home/moreaue/dump/expe2//5/test.tsv'; writing results to '/home/moreaue/dump/expe2//results/5/basic/test/apply-strategy-configs'. 2022-02-18 16:47: 0/1 done

apply-multi-configs.sh: applying configs/models '/home/moreaue/dump/expe2//results/5/basic/test/indiv-strategies.prefix-list' to '/home/moreaue/dump/expe2//5/test.tsv'; writing results to '/home/moreaue/dump/expe2//results/5/basic/test/apply-strategy-configs'. 2022-02-18 16:47: 0/1 done

apply-multi-configs.sh: applying configs/models '/home/moreaue/dump/expe2//results/5/basic/test/indiv-strategies.prefix-list' to '/home/moreaue/dump/expe2//5/test.tsv'; writing results to '/home/moreaue/dump/expe2//results/5/basic/test/apply-strategy-configs'. 2022-02-18 16:47: 0/1 done

apply-multi-configs.sh: applying configs/models '/home/moreaue/dump/expe2//results/5/basic/test/indiv-strategies.prefix-list' to '/home/moreaue/dump/expe2//5/test.tsv'; writing results to '/home/moreaue/dump/expe2//results/5/basic/test/apply-strategy-configs'. 2022-02-18 16:48: 0/1 done

apply-multi-configs.sh: done.
apply-multi-configs.sh: applying configs/models '/home/moreaue/dump/expe2//results/5/basic/test/meta-config.prefix-list' to '/home/moreaue/dump/expe2//5/test.tsv'; writing results to '/home/moreaue/dump/expe2//results/5/basic/test'.
apply-multi-configs.sh: applying configs/models '/home/moreaue/dump/expe2//results/5/basic/test/meta-config.prefix-list' to '/home/moreaue/dump/expe2//5/test.tsv'; writing results to '/home/moreaue/dump/expe2//results/5/basic/test'. 2022-02-18 16:48: 0/1 done

apply-multi-configs.sh: applying configs/models '/home/moreaue/dump/expe2//results/5/basic/test/meta-config.prefix-list' to '/home/moreaue/dump/expe2//5/test.tsv'; writing results to '/home/moreaue/dump/expe2//results/5/basic/test'. 2022-02-18 16:48: 0/1 done

apply-multi-configs.sh: applying configs/models '/home/moreaue/dump/expe2//results/5/basic/test/meta-config.prefix-list' to '/home/moreaue/dump/expe2//5/test.tsv'; writing results to '/home/moreaue/dump/expe2//results/5/basic/test'. 2022-02-18 16:49: 0/1 done

apply-multi-configs.sh: applying configs/models '/home/moreaue/dump/expe2//results/5/basic/test/meta-config.prefix-list' to '/home/moreaue/dump/expe2//5/test.tsv'; writing results to '/home/moreaue/dump/expe2//results/5/basic/test'. 2022-02-18 16:49: 0/1 done

apply-multi-configs.sh: applying configs/models '/home/moreaue/dump/expe2//results/5/basic/test/meta-config.prefix-list' to '/home/moreaue/dump/expe2//5/test.tsv'; writing results to '/home/moreaue/dump/expe2//results/5/basic/test'. 2022-02-18 16:49: 0/1 done

apply-multi-configs.sh: applying configs/models '/home/moreaue/dump/expe2//results/5/basic/test/meta-config.prefix-list' to '/home/moreaue/dump/expe2//5/test.tsv'; writing results to '/home/moreaue/dump/expe2//results/5/basic/test'. 2022-02-18 16:50: 0/1 done

apply-multi-configs.sh: applying configs/models '/home/moreaue/dump/expe2//results/5/basic/test/meta-config.prefix-list' to '/home/moreaue/dump/expe2//5/test.tsv'; writing results to '/home/moreaue/dump/expe2//results/5/basic/test'. 2022-02-18 16:50: 0/1 done

apply-multi-configs.sh: applying configs/models '/home/moreaue/dump/expe2//results/5/basic/test/meta-config.prefix-list' to '/home/moreaue/dump/expe2//5/test.tsv'; writing results to '/home/moreaue/dump/expe2//results/5/basic/test'. 2022-02-18 16:50: 0/1 done

apply-multi-configs.sh: applying configs/models '/home/moreaue/dump/expe2//results/5/basic/test/meta-config.prefix-list' to '/home/moreaue/dump/expe2//5/test.tsv'; writing results to '/home/moreaue/dump/expe2//results/5/basic/test'. 2022-02-18 16:51: 0/1 done

apply-multi-configs.sh: applying configs/models '/home/moreaue/dump/expe2//results/5/basic/test/meta-config.prefix-list' to '/home/moreaue/dump/expe2//5/test.tsv'; writing results to '/home/moreaue/dump/expe2//results/5/basic/test'. 2022-02-18 16:51: 0/1 done

apply-multi-configs.sh: applying configs/models '/home/moreaue/dump/expe2//results/5/basic/test/meta-config.prefix-list' to '/home/moreaue/dump/expe2//5/test.tsv'; writing results to '/home/moreaue/dump/expe2//results/5/basic/test'. 2022-02-18 16:51: 0/1 done

apply-multi-configs.sh: applying configs/models '/home/moreaue/dump/expe2//results/5/basic/test/meta-config.prefix-list' to '/home/moreaue/dump/expe2//5/test.tsv'; writing results to '/home/moreaue/dump/expe2//results/5/basic/test'. 2022-02-18 16:52: 0/1 done

apply-multi-configs.sh: applying configs/models '/home/moreaue/dump/expe2//results/5/basic/test/meta-config.prefix-list' to '/home/moreaue/dump/expe2//5/test.tsv'; writing results to '/home/moreaue/dump/expe2//results/5/basic/test'. 2022-02-18 16:52: 0/1 done

apply-multi-configs.sh: applying configs/models '/home/moreaue/dump/expe2//results/5/basic/test/meta-config.prefix-list' to '/home/moreaue/dump/expe2//5/test.tsv'; writing results to '/home/moreaue/dump/expe2//results/5/basic/test'. 2022-02-18 16:52: 0/1 done

apply-multi-configs.sh: applying configs/models '/home/moreaue/dump/expe2//results/5/basic/test/meta-config.prefix-list' to '/home/moreaue/dump/expe2//5/test.tsv'; writing results to '/home/moreaue/dump/expe2//results/5/basic/test'. 2022-02-18 16:53: 0/1 done

apply-multi-configs.sh: applying configs/models '/home/moreaue/dump/expe2//results/5/basic/test/meta-config.prefix-list' to '/home/moreaue/dump/expe2//5/test.tsv'; writing results to '/home/moreaue/dump/expe2//results/5/basic/test'. 2022-02-18 16:53: 0/1 done

apply-multi-configs.sh: applying configs/models '/home/moreaue/dump/expe2//results/5/basic/test/meta-config.prefix-list' to '/home/moreaue/dump/expe2//5/test.tsv'; writing results to '/home/moreaue/dump/expe2//results/5/basic/test'. 2022-02-18 16:53: 0/1 done

apply-multi-configs.sh: applying configs/models '/home/moreaue/dump/expe2//results/5/basic/test/meta-config.prefix-list' to '/home/moreaue/dump/expe2//5/test.tsv'; writing results to '/home/moreaue/dump/expe2//results/5/basic/test'. 2022-02-18 16:54: 0/1 done

apply-multi-configs.sh: applying configs/models '/home/moreaue/dump/expe2//results/5/basic/test/meta-config.prefix-list' to '/home/moreaue/dump/expe2//5/test.tsv'; writing results to '/home/moreaue/dump/expe2//results/5/basic/test'. 2022-02-18 16:54: 0/1 done

apply-multi-configs.sh: applying configs/models '/home/moreaue/dump/expe2//results/5/basic/test/meta-config.prefix-list' to '/home/moreaue/dump/expe2//5/test.tsv'; writing results to '/home/moreaue/dump/expe2//results/5/basic/test'. 2022-02-18 16:54: 0/1 done

apply-multi-configs.sh: applying configs/models '/home/moreaue/dump/expe2//results/5/basic/test/meta-config.prefix-list' to '/home/moreaue/dump/expe2//5/test.tsv'; writing results to '/home/moreaue/dump/expe2//results/5/basic/test'. 2022-02-18 16:55: 0/1 done

apply-multi-configs.sh: applying configs/models '/home/moreaue/dump/expe2//results/5/basic/test/meta-config.prefix-list' to '/home/moreaue/dump/expe2//5/test.tsv'; writing results to '/home/moreaue/dump/expe2//results/5/basic/test'. 2022-02-18 16:55: 0/1 done

apply-multi-configs.sh: applying configs/models '/home/moreaue/dump/expe2//results/5/basic/test/meta-config.prefix-list' to '/home/moreaue/dump/expe2//5/test.tsv'; writing results to '/home/moreaue/dump/expe2//results/5/basic/test'. 2022-02-18 16:55: 0/1 done

apply-multi-configs.sh: applying configs/models '/home/moreaue/dump/expe2//results/5/basic/test/meta-config.prefix-list' to '/home/moreaue/dump/expe2//5/test.tsv'; writing results to '/home/moreaue/dump/expe2//results/5/basic/test'. 2022-02-18 16:56: 0/1 done

apply-multi-configs.sh: applying configs/models '/home/moreaue/dump/expe2//results/5/basic/test/meta-config.prefix-list' to '/home/moreaue/dump/expe2//5/test.tsv'; writing results to '/home/moreaue/dump/expe2//results/5/basic/test'. 2022-02-18 16:56: 0/1 done

apply-multi-configs.sh: applying configs/models '/home/moreaue/dump/expe2//results/5/basic/test/meta-config.prefix-list' to '/home/moreaue/dump/expe2//5/test.tsv'; writing results to '/home/moreaue/dump/expe2//results/5/basic/test'. 2022-02-18 16:56: 0/1 done

apply-multi-configs.sh: applying configs/models '/home/moreaue/dump/expe2//results/5/basic/test/meta-config.prefix-list' to '/home/moreaue/dump/expe2//5/test.tsv'; writing results to '/home/moreaue/dump/expe2//results/5/basic/test'. 2022-02-18 16:57: 0/1 done

apply-multi-configs.sh: applying configs/models '/home/moreaue/dump/expe2//results/5/basic/test/meta-config.prefix-list' to '/home/moreaue/dump/expe2//5/test.tsv'; writing results to '/home/moreaue/dump/expe2//results/5/basic/test'. 2022-02-18 16:57: 0/1 done

apply-multi-configs.sh: done.
test-meta-model.sh: done.
