apply-config.sh: applying config '/tmp/expe4/4/process/selected-meta-configs/fold.1.strategy-as-meta.GI.0010' to cases '/home/moreaue/dump/expe4//results/4/GI/test/only-cases.tmp.zK1BpWuV'; results written to '/home/moreaue/dump/expe4//results/4/GI/test/fold.1.strategy-as-meta.GI.0010'
apply-config.sh: done.
