apply-config.sh: applying config '/tmp/expe1/160/process//selected-meta-configs/fold.1.strategy-as-meta.basic.0029.model/strategy-configs/fold.1.basic.0029' to cases '/home/moreaue/dump/expe1//results/160/basic/test/apply-strategy-configs/only-cases.tmp.wvTkxbR6'; results written to '/home/moreaue/dump/expe1//results/160/basic/test/apply-strategy-configs/fold.1.basic.0029'
apply-config.sh: done.
