apply-multi-configs.sh: calling self to apply strategy configs/models './results/3/meta/test/indiv-strategies.prefix-list' first.
apply-multi-configs.sh: applying configs/models './results/3/meta/test/indiv-strategies.prefix-list' to './3/test.tsv'; writing results to './results/3/meta/test/apply-strategy-configs'.
apply-multi-configs.sh: applying configs/models './results/3/meta/test/indiv-strategies.prefix-list' to './3/test.tsv'; writing results to './results/3/meta/test/apply-strategy-configs'. 2022-02-16 18:57: 0/60 done

apply-multi-configs.sh: applying configs/models './results/3/meta/test/indiv-strategies.prefix-list' to './3/test.tsv'; writing results to './results/3/meta/test/apply-strategy-configs'. 2022-02-16 18:57: 0/60 done

apply-multi-configs.sh: applying configs/models './results/3/meta/test/indiv-strategies.prefix-list' to './3/test.tsv'; writing results to './results/3/meta/test/apply-strategy-configs'. 2022-02-16 18:57: 0/60 done

apply-multi-configs.sh: applying configs/models './results/3/meta/test/indiv-strategies.prefix-list' to './3/test.tsv'; writing results to './results/3/meta/test/apply-strategy-configs'. 2022-02-16 18:58: 0/60 done

apply-multi-configs.sh: applying configs/models './results/3/meta/test/indiv-strategies.prefix-list' to './3/test.tsv'; writing results to './results/3/meta/test/apply-strategy-configs'. 2022-02-16 18:58: 0/60 done

apply-multi-configs.sh: applying configs/models './results/3/meta/test/indiv-strategies.prefix-list' to './3/test.tsv'; writing results to './results/3/meta/test/apply-strategy-configs'. 2022-02-16 18:58: 0/60 done

apply-multi-configs.sh: applying configs/models './results/3/meta/test/indiv-strategies.prefix-list' to './3/test.tsv'; writing results to './results/3/meta/test/apply-strategy-configs'. 2022-02-16 18:59: 0/60 done

apply-multi-configs.sh: applying configs/models './results/3/meta/test/indiv-strategies.prefix-list' to './3/test.tsv'; writing results to './results/3/meta/test/apply-strategy-configs'. 2022-02-16 18:59: 0/60 done

apply-multi-configs.sh: applying configs/models './results/3/meta/test/indiv-strategies.prefix-list' to './3/test.tsv'; writing results to './results/3/meta/test/apply-strategy-configs'. 2022-02-16 18:59: 0/60 done

apply-multi-configs.sh: applying configs/models './results/3/meta/test/indiv-strategies.prefix-list' to './3/test.tsv'; writing results to './results/3/meta/test/apply-strategy-configs'. 2022-02-16 19:00: 0/60 done

apply-multi-configs.sh: applying configs/models './results/3/meta/test/indiv-strategies.prefix-list' to './3/test.tsv'; writing results to './results/3/meta/test/apply-strategy-configs'. 2022-02-16 19:00: 0/60 done

apply-multi-configs.sh: applying configs/models './results/3/meta/test/indiv-strategies.prefix-list' to './3/test.tsv'; writing results to './results/3/meta/test/apply-strategy-configs'. 2022-02-16 19:00: 0/60 done

apply-multi-configs.sh: applying configs/models './results/3/meta/test/indiv-strategies.prefix-list' to './3/test.tsv'; writing results to './results/3/meta/test/apply-strategy-configs'. 2022-02-16 19:01: 0/60 done

apply-multi-configs.sh: applying configs/models './results/3/meta/test/indiv-strategies.prefix-list' to './3/test.tsv'; writing results to './results/3/meta/test/apply-strategy-configs'. 2022-02-16 19:01: 0/60 done

apply-multi-configs.sh: applying configs/models './results/3/meta/test/indiv-strategies.prefix-list' to './3/test.tsv'; writing results to './results/3/meta/test/apply-strategy-configs'. 2022-02-16 19:01: 0/60 done

apply-multi-configs.sh: applying configs/models './results/3/meta/test/indiv-strategies.prefix-list' to './3/test.tsv'; writing results to './results/3/meta/test/apply-strategy-configs'. 2022-02-16 19:02: 0/60 done

apply-multi-configs.sh: applying configs/models './results/3/meta/test/indiv-strategies.prefix-list' to './3/test.tsv'; writing results to './results/3/meta/test/apply-strategy-configs'. 2022-02-16 19:02: 2/60 done

apply-multi-configs.sh: applying configs/models './results/3/meta/test/indiv-strategies.prefix-list' to './3/test.tsv'; writing results to './results/3/meta/test/apply-strategy-configs'. 2022-02-16 19:02: 7/60 done

apply-multi-configs.sh: applying configs/models './results/3/meta/test/indiv-strategies.prefix-list' to './3/test.tsv'; writing results to './results/3/meta/test/apply-strategy-configs'. 2022-02-16 19:03: 14/60 done

apply-multi-configs.sh: applying configs/models './results/3/meta/test/indiv-strategies.prefix-list' to './3/test.tsv'; writing results to './results/3/meta/test/apply-strategy-configs'. 2022-02-16 19:03: 17/60 done

apply-multi-configs.sh: applying configs/models './results/3/meta/test/indiv-strategies.prefix-list' to './3/test.tsv'; writing results to './results/3/meta/test/apply-strategy-configs'. 2022-02-16 19:03: 28/60 done

apply-multi-configs.sh: applying configs/models './results/3/meta/test/indiv-strategies.prefix-list' to './3/test.tsv'; writing results to './results/3/meta/test/apply-strategy-configs'. 2022-02-16 19:04: 33/60 done

apply-multi-configs.sh: applying configs/models './results/3/meta/test/indiv-strategies.prefix-list' to './3/test.tsv'; writing results to './results/3/meta/test/apply-strategy-configs'. 2022-02-16 19:04: 43/60 done

apply-multi-configs.sh: applying configs/models './results/3/meta/test/indiv-strategies.prefix-list' to './3/test.tsv'; writing results to './results/3/meta/test/apply-strategy-configs'. 2022-02-16 19:04: 53/60 done

apply-multi-configs.sh: applying configs/models './results/3/meta/test/indiv-strategies.prefix-list' to './3/test.tsv'; writing results to './results/3/meta/test/apply-strategy-configs'. 2022-02-16 19:05: 55/60 done

apply-multi-configs.sh: applying configs/models './results/3/meta/test/indiv-strategies.prefix-list' to './3/test.tsv'; writing results to './results/3/meta/test/apply-strategy-configs'. 2022-02-16 19:05: 56/60 done

apply-multi-configs.sh: applying configs/models './results/3/meta/test/indiv-strategies.prefix-list' to './3/test.tsv'; writing results to './results/3/meta/test/apply-strategy-configs'. 2022-02-16 19:05: 58/60 done

apply-multi-configs.sh: applying configs/models './results/3/meta/test/indiv-strategies.prefix-list' to './3/test.tsv'; writing results to './results/3/meta/test/apply-strategy-configs'. 2022-02-16 19:06: 58/60 done

apply-multi-configs.sh: done.
apply-multi-configs.sh: applying configs/models './results/3/meta/test/meta-config.prefix-list' to './3/test.tsv'; writing results to './results/3/meta/test'.
apply-multi-configs.sh: applying configs/models './results/3/meta/test/meta-config.prefix-list' to './3/test.tsv'; writing results to './results/3/meta/test'. 2022-02-16 19:06: 0/1 done

apply-multi-configs.sh: applying configs/models './results/3/meta/test/meta-config.prefix-list' to './3/test.tsv'; writing results to './results/3/meta/test'. 2022-02-16 19:06: 0/1 done

apply-multi-configs.sh: applying configs/models './results/3/meta/test/meta-config.prefix-list' to './3/test.tsv'; writing results to './results/3/meta/test'. 2022-02-16 19:07: 0/1 done

apply-multi-configs.sh: applying configs/models './results/3/meta/test/meta-config.prefix-list' to './3/test.tsv'; writing results to './results/3/meta/test'. 2022-02-16 19:07: 0/1 done

apply-multi-configs.sh: applying configs/models './results/3/meta/test/meta-config.prefix-list' to './3/test.tsv'; writing results to './results/3/meta/test'. 2022-02-16 19:07: 0/1 done

apply-multi-configs.sh: applying configs/models './results/3/meta/test/meta-config.prefix-list' to './3/test.tsv'; writing results to './results/3/meta/test'. 2022-02-16 19:08: 0/1 done

apply-multi-configs.sh: applying configs/models './results/3/meta/test/meta-config.prefix-list' to './3/test.tsv'; writing results to './results/3/meta/test'. 2022-02-16 19:08: 0/1 done

apply-multi-configs.sh: applying configs/models './results/3/meta/test/meta-config.prefix-list' to './3/test.tsv'; writing results to './results/3/meta/test'. 2022-02-16 19:08: 0/1 done

apply-multi-configs.sh: applying configs/models './results/3/meta/test/meta-config.prefix-list' to './3/test.tsv'; writing results to './results/3/meta/test'. 2022-02-16 19:09: 0/1 done

apply-multi-configs.sh: applying configs/models './results/3/meta/test/meta-config.prefix-list' to './3/test.tsv'; writing results to './results/3/meta/test'. 2022-02-16 19:09: 0/1 done

apply-multi-configs.sh: done.
test-meta-model.sh: done.
