apply-config.sh: applying config '/tmp/expe2/2/process/selected-meta-configs/fold.2.strategy-as-meta.basic.0034.model/strategy-configs/fold.2.basic.0034' to cases './results/2/basic/test/apply-strategy-configs/only-cases.tmp.SVI2KbHh'; results written to './results/2/basic/test/apply-strategy-configs/fold.2.basic.0034'
apply-config.sh: done.
