apply-config.sh: applying config '/tmp/100/process/selected-meta-configs/fold.2.strategy-as-meta.basic.0033' to cases '/home/moreaue/dump/expe1//results/100/basic/test/only-cases.tmp.Yaoqp9zF'; results written to '/home/moreaue/dump/expe1//results/100/basic/test/fold.2.strategy-as-meta.basic.0033'
apply-config.sh: done.
