apply-config.sh: applying config '/tmp/expe3/200/process/selected-meta-configs/fold.1.strategy-as-meta.GI.0031.model/strategy-configs/fold.1.GI.0031' to cases '/home/moreaue/dump/expe3//results/200/GI/test/apply-strategy-configs/only-cases.tmp.pEOrYHxU'; results written to '/home/moreaue/dump/expe3//results/200/GI/test/apply-strategy-configs/fold.1.GI.0031'
apply-config.sh: done.
