apply-config.sh: applying config '/tmp/700/process/selected-meta-configs/fold.1.0097.model/strategy-configs/fold.1.basic.0025' to cases '/home/moreaue/dump/expe1//results/700/meta/test/apply-strategy-configs/only-cases.tmp.eWR3fDup'; results written to '/home/moreaue/dump/expe1//results/700/meta/test/apply-strategy-configs/fold.1.basic.0025'
apply-config.sh: done.
