apply-config.sh: applying config '/tmp/400/process/selected-meta-configs/fold.1.0094.model/strategy-configs/fold.1.basic.0021' to cases '/home/moreaue/dump/expe1//results/400/meta/test/apply-strategy-configs/only-cases.tmp.Vxh64STF'; results written to '/home/moreaue/dump/expe1//results/400/meta/test/apply-strategy-configs/fold.1.basic.0021'
apply-config.sh: done.
