apply-config.sh: applying config '/tmp/expe4/2/process/selected-meta-configs/fold.1.strategy-as-meta.GI.0048.model/strategy-configs/fold.1.GI.0048' to cases '/home/moreaue/dump/expe4//results/2/GI/test/apply-strategy-configs/only-cases.tmp.lDZBYR4E'; results written to '/home/moreaue/dump/expe4//results/2/GI/test/apply-strategy-configs/fold.1.GI.0048'
apply-config.sh: done.
