apply-config.sh: applying config '/tmp/expe1/180/process//selected-meta-configs/fold.2.strategy-as-meta.basic.0012.model/strategy-configs/fold.2.basic.0012' to cases '/home/moreaue/dump/expe1//results/180/basic/test/apply-strategy-configs/only-cases.tmp.bhzzkSOb'; results written to '/home/moreaue/dump/expe1//results/180/basic/test/apply-strategy-configs/fold.2.basic.0012'
apply-config.sh: done.
