apply-config.sh: applying config '/tmp/expe2/3/process/selected-meta-configs/fold.1.strategy-as-meta.GI.0016' to cases '/home/moreaue/dump/expe2//results/3/GI/test/only-cases.tmp.Y2cRclip'; results written to '/home/moreaue/dump/expe2//results/3/GI/test/fold.1.strategy-as-meta.GI.0016'
apply-config.sh: done.
