apply-config.sh: applying config '/tmp/100/process/selected-meta-configs/fold.1.0013.model/strategy-configs/fold.1.univ.0035' to cases '/home/moreaue/dump/expe1//results/100/meta/test/apply-strategy-configs/only-cases.tmp.rK3mDH15'; results written to '/home/moreaue/dump/expe1//results/100/meta/test/apply-strategy-configs/fold.1.univ.0035'
apply-config.sh: done.
