apply-config.sh: applying config '/tmp/200/process//selected-meta-configs/fold.1.strategy-as-meta.GI.0007' to cases '/home/moreaue/dump/expe1//results/200/GI/test/only-cases.tmp.s4Z8e7ei'; results written to '/home/moreaue/dump/expe1//results/200/GI/test/fold.1.strategy-as-meta.GI.0007'
apply-config.sh: done.
