apply-config.sh: applying config '/tmp/expe1/20/process/selected-meta-configs/fold.1.strategy-as-meta.basic.0022' to cases '/home/moreaue/dump/expe1//results/20/basic/test/only-cases.tmp.oFMdGSOP'; results written to '/home/moreaue/dump/expe1//results/20/basic/test/fold.1.strategy-as-meta.basic.0022'
apply-config.sh: done.
