apply-config.sh: applying config '/tmp/200/process//selected-meta-configs/fold.1.strategy-as-meta.basic.0007.model/strategy-configs/fold.1.basic.0007' to cases '/home/moreaue/dump/expe1//results/200/basic/test/apply-strategy-configs/only-cases.tmp.2Jhq8BCJ'; results written to '/home/moreaue/dump/expe1//results/200/basic/test/apply-strategy-configs/fold.1.basic.0007'
apply-config.sh: done.
