apply-config.sh: applying config '/tmp/expe1/40/process/selected-meta-configs/fold.1.strategy-as-meta.univ.0004' to cases '/home/moreaue/dump/expe1//results/40/univ/test/only-cases.tmp.SV7fdhaz'; results written to '/home/moreaue/dump/expe1//results/40/univ/test/fold.1.strategy-as-meta.univ.0004'
apply-config.sh: done.
