apply-config.sh: applying config '/tmp/expe2/3/process/selected-meta-configs/fold.1.0038.model/strategy-configs/fold.1.basic.0026' to cases './results/3/meta/test/apply-strategy-configs/only-cases.tmp.4G3LFKv3'; results written to './results/3/meta/test/apply-strategy-configs/fold.1.basic.0026'
apply-config.sh: done.
