apply-config.sh: applying config '/tmp/expe2/3/process/selected-meta-configs/fold.1.strategy-as-meta.univ.0029' to cases './results/3/univ/test/only-cases.tmp.fiUMSlxm'; results written to './results/3/univ/test/fold.1.strategy-as-meta.univ.0029'
apply-config.sh: done.
