apply-config.sh: applying config '/tmp/expe4/11/process/selected-meta-configs/fold.1.strategy-as-meta.univ.0031.model/strategy-configs/fold.1.univ.0031' to cases '/home/moreaue/dump/expe4//results/11/univ/test/apply-strategy-configs/only-cases.tmp.EQBiZIE6'; results written to '/home/moreaue/dump/expe4//results/11/univ/test/apply-strategy-configs/fold.1.univ.0031'
apply-config.sh: done.
