apply-config.sh: applying config '/tmp/expe2/2/process/selected-meta-configs/fold.1.0062.model/strategy-configs/fold.1.GI.0013' to cases './results/2/meta/test/apply-strategy-configs/only-cases.tmp.mL4g8zxZ'; results written to './results/2/meta/test/apply-strategy-configs/fold.1.GI.0013'
apply-config.sh: done.
