apply-config.sh: applying config '/tmp/expe3/800/process/selected-meta-configs/fold.1.strategy-as-meta.univ.0037.model/strategy-configs/fold.1.univ.0037' to cases '/home/moreaue/dump/expe3//results/800/univ/test/apply-strategy-configs/only-cases.tmp.21Nc91jb'; results written to '/home/moreaue/dump/expe3//results/800/univ/test/apply-strategy-configs/fold.1.univ.0037'
apply-config.sh: done.
