apply-config.sh: applying config '/tmp/200/process//selected-meta-configs/fold.1.strategy-as-meta.univ.0028.model/strategy-configs/fold.1.univ.0028' to cases '/home/moreaue/dump/expe1//results/200/univ/test/apply-strategy-configs/only-cases.tmp.RKZPjIDl'; results written to '/home/moreaue/dump/expe1//results/200/univ/test/apply-strategy-configs/fold.1.univ.0028'
apply-config.sh: done.
