apply-config.sh: applying config '/tmp/expe2/3/process/selected-meta-configs/fold.1.strategy-as-meta.univ.0029.model/strategy-configs/fold.1.univ.0029' to cases './results/3/univ/test/apply-strategy-configs/only-cases.tmp.NBmd8GnZ'; results written to './results/3/univ/test/apply-strategy-configs/fold.1.univ.0029'
apply-config.sh: done.
