apply-config.sh: applying config '/tmp/expe1/900/process/selected-meta-configs/fold.1.strategy-as-meta.GI.0019.model/strategy-configs/fold.1.GI.0019' to cases '/home/moreaue/dump/expe1//results/900/GI/test/apply-strategy-configs/only-cases.tmp.RmIuEjsR'; results written to '/home/moreaue/dump/expe1//results/900/GI/test/apply-strategy-configs/fold.1.GI.0019'
apply-config.sh: done.
