apply-config.sh: applying config '/tmp/expe3/200/process/selected-meta-configs/fold.1.0076.model/strategy-configs/fold.1.univ.0044' to cases '/home/moreaue/dump/expe3//results/200/meta/test/apply-strategy-configs/only-cases.tmp.0ie5E36C'; results written to '/home/moreaue/dump/expe3//results/200/meta/test/apply-strategy-configs/fold.1.univ.0044'
apply-config.sh: done.
