apply-config.sh: applying config '/tmp/expe3/1000/process/selected-meta-configs/fold.1.strategy-as-meta.GI.0029.model/strategy-configs/fold.1.GI.0029' to cases '/home/moreaue/dump/expe3//results/1000/GI/test/apply-strategy-configs/only-cases.tmp.U7Gyte1m'; results written to '/home/moreaue/dump/expe3//results/1000/GI/test/apply-strategy-configs/fold.1.GI.0029'
apply-config.sh: done.
