apply-config.sh: applying config '/tmp/600/process/selected-meta-configs/fold.1.strategy-as-meta.GI.0045' to cases '/home/moreaue/dump/expe1//results/600/GI/test/only-cases.tmp.Qt1sz4WZ'; results written to '/home/moreaue/dump/expe1//results/600/GI/test/fold.1.strategy-as-meta.GI.0045'
apply-config.sh: done.
